// Jest Snapshot v1, https://goo.gl/fbAQLP

exports[`match snapshot 1`] = `
<div
  className="controls-container"
  data-testid="mainDiv"
>
  <div
    className="select-div"
    data-testid="selectDiv"
  >
    <select
      className="prog-select"
      data-testid="selectProgBar"
      id="selProgBar"
      onChange={[MockFunction]}
    >
      <option
        value={0}
      >
        #progress 
        1
      </option>
      <option
        value={1}
      >
        #progress 
        2
      </option>
      <option
        value={2}
      >
        #progress 
        3
      </option>
      <option
        value={3}
      >
        #progress 
        4
      </option>
    </select>
  </div>
  <div
    className="button-div"
    data-testid="buttonDiv0"
  >
    <button
      className="control-button"
      data-testid="button0"
      onClick={[Function]}
    >
      19
    </button>
  </div>
  <div
    className="button-div"
    data-testid="buttonDiv1"
  >
    <button
      className="control-button"
      data-testid="button1"
      onClick={[Function]}
    >
      6
    </button>
  </div>
  <div
    className="button-div"
    data-testid="buttonDiv2"
  >
    <button
      className="control-button"
      data-testid="button2"
      onClick={[Function]}
    >
      -27
    </button>
  </div>
  <div
    className="button-div"
    data-testid="buttonDiv3"
  >
    <button
      className="control-button"
      data-testid="button3"
      onClick={[Function]}
    >
      -27
    </button>
  </div>
</div>
`;
